../Core/Src/LS013B4DN04.c:32:9:smallRbit	24	static,ignoring_inline_asm
../Core/Src/LS013B4DN04.c:36:5:modulo	16	static
../Core/Src/LS013B4DN04.c:41:6:LCD_Init	24	static
../Core/Src/LS013B4DN04.c:64:6:LCD_UpdateFull	24	static
../Core/Src/LS013B4DN04.c:85:6:LCD_UpdateLine	24	static
../Core/Src/LS013B4DN04.c:110:6:LCD_Clean	16	static
../Core/Src/LS013B4DN04.c:118:6:LCD_LoadFull	16	static
../Core/Src/LS013B4DN04.c:122:6:LCD_SaveBuf	8	static
../Core/Src/LS013B4DN04.c:127:6:LCD_LoadBuf	8	static
../Core/Src/LS013B4DN04.c:131:6:LCD_LoadObjs	48	static
../Core/Src/LS013B4DN04.c:149:6:LCD_LoadObj	56	static
../Core/Src/LS013B4DN04.c:224:6:LCD_DrawLine	32	static
../Core/Src/LS013B4DN04.c:263:6:LCD_DrawRect	40	static
../Core/Src/LS013B4DN04.c:274:6:LCD_Invert	16	static
../Core/Src/LS013B4DN04.c:283:6:LCD_Fill	16	static
../Core/Src/LS013B4DN04.c:288:6:LCD_DrawCircle	40	static
../Core/Src/LS013B4DN04.c:332:6:LCD_Print	56	static
