../Core/Src/LS013B4DN04.c:34:9:smallRbit	24	static,ignoring_inline_asm
../Core/Src/LS013B4DN04.c:38:5:modulo	16	static
../Core/Src/LS013B4DN04.c:43:6:LCD_Init	24	static
../Core/Src/LS013B4DN04.c:62:6:LCD_Update	24	static
../Core/Src/LS013B4DN04.c:84:6:LCD_BufClean	8	static
../Core/Src/LS013B4DN04.c:91:6:LCD_Clean	16	static
../Core/Src/LS013B4DN04.c:102:6:LCD_LoadFull	16	static
../Core/Src/LS013B4DN04.c:110:6:LCD_LoadPart	56	static
../Core/Src/LS013B4DN04.c:167:6:LCD_DrawLine	32	static
../Core/Src/LS013B4DN04.c:192:6:LCD_Invert	16	static
../Core/Src/LS013B4DN04.c:201:6:LCD_Fill	16	static
